\BOOKMARK [1][-]{section*.1}{\376\377\000T\000\363\000m\000\040\000t\036\257\000t\000\040\001\021\036\301\000\040\000t\000\340\000i}{}% 1
\BOOKMARK [1][-]{section*.3}{\376\377\000D\000a\000n\000h\000\040\000m\036\345\000c\000\040\000t\036\353\000\040\000v\000i\036\277\000t\000\040\000t\036\257\000t}{}% 2
\BOOKMARK [1][-]{section.1}{\376\377\000G\000i\036\333\000i\000\040\000t\000h\000i\036\307\000u\000\040\000c\000h\000u\000n\000g}{}% 3
\BOOKMARK [2][-]{subsection.1.1}{\376\377\000B\036\321\000i\000\040\000c\036\243\000n\000h\000\040\000v\000\340\000\040\001\020\036\331\000n\000g\000\040\000l\036\361\000c\000\040\001\021\036\301\000\040\000t\000\340\000i}{section.1}% 4
\BOOKMARK [2][-]{subsection.1.2}{\376\377\001\020\036\267\000t\000\040\000v\036\245\000n\000\040\001\021\036\301}{section.1}% 5
\BOOKMARK [2][-]{subsection.1.3}{\376\377\000M\036\345\000c\000\040\000t\000i\000\352\000u\000\040\000c\036\347\000a\000\040\000L\000u\036\255\000n\000\040\000v\001\003\000n}{section.1}% 6
\BOOKMARK [2][-]{subsection.1.4}{\376\377\000P\000h\036\241\000m\000\040\000v\000i\000\040\000d\036\361\000\040\000\341\000n}{section.1}% 7
\BOOKMARK [2][-]{subsection.1.5}{\376\377\000B\036\321\000\040\000c\036\345\000c\000\040\000l\000u\036\255\000n\000\040\000v\001\003\000n}{section.1}% 8
\BOOKMARK [1][-]{section.2}{\376\377\000T\036\325\000n\000g\000\040\000q\000u\000a\000n\000\040\000t\000\340\000i\000\040\000l\000i\036\307\000u}{}% 9
\BOOKMARK [2][-]{subsection.2.1}{\376\377\000K\000i\036\277\000n\000\040\000t\000r\000\372\000c\000\040\000I\000o\000T\000\040\000E\000d\000g\000e\000-\000C\000l\000o\000u\000d\000\040\000t\000r\000o\000n\000g\000\040\000g\000i\000\341\000m\000\040\000s\000\341\000t\000\040\000v\000i\000d\000e\000o}{section.2}% 10
\BOOKMARK [2][-]{subsection.2.2}{\376\377\000P\000h\000\341\000t\000\040\000h\000i\036\307\000n\000\040\001\021\036\321\000i\000\040\000t\001\260\036\343\000n\000g\000\040\000t\000r\000o\000n\000g\000\040\000t\000h\036\335\000i\000\040\000g\000i\000a\000n\000\040\000t\000h\036\361\000c}{section.2}% 11
\BOOKMARK [2][-]{subsection.2.3}{\376\377\000X\000\341\000c\000\040\000t\000h\036\361\000c\000\040\000k\000h\000u\000\364\000n\000\040\000m\036\267\000t\000\040\000v\000\340\000\040\000T\000r\000\355\000c\000h\000\040\000x\000u\036\245\000t\000\040\001\021\036\267\000c\000\040\000t\000r\001\260\000n\000g}{section.2}% 12
\BOOKMARK [2][-]{subsection.2.4}{\376\377\000P\000h\000\341\000t\000\040\000h\000i\036\307\000n\000\040\000b\036\245\000t\000\040\000t\000h\001\260\036\335\000n\000g\000\040\000h\000\354\000n\000h\000\040\036\243\000n\000h\000:\000\040\000N\000g\000\343\000\040\000v\000\340\000\040\000H\036\317\000a\000\040\000h\000o\036\241\000n}{section.2}% 13
\BOOKMARK [2][-]{subsection.2.5}{\376\377\000T\000\363\000m\000\040\000t\036\257\000t\000\040\000t\000\340\000i\000\040\000l\000i\036\307\000u\000\040\000v\000\340\000\040\000T\036\325\000n\000g\000\040\000h\036\343\000p\000\040\000k\000h\000o\036\243\000n\000g\000\040\000t\000r\036\321\000n\000g\000\040\000n\000g\000h\000i\000\352\000n\000\040\000c\036\351\000u}{section.2}% 14
\BOOKMARK [1][-]{section.3}{\376\377\000T\000h\000i\036\277\000t\000\040\000k\036\277\000\040\000v\000\340\000\040\000T\000r\000i\036\303\000n\000\040\000k\000h\000a\000i}{}% 15
\BOOKMARK [2][-]{subsection.3.1}{\376\377\000K\000i\036\277\000n\000\040\000t\000r\000\372\000c\000\040\000h\036\307\000\040\000t\000h\036\321\000n\000g\000\040\000t\036\325\000n\000g\000\040\000t\000h\036\303\000\040\000v\000\340\000\040\000L\000u\036\323\000n\000g\000\040\000d\036\357\000\040\000l\000i\036\307\000u}{section.3}% 16
\BOOKMARK [2][-]{subsection.3.2}{\376\377\001\020\000i\036\301\000u\000\040\000p\000h\036\321\000i\000\040\000t\000i\036\277\000n\000\040\000t\000r\000\354\000n\000h\000\040\000v\000\340\000\040\000L\036\255\000p\000\040\000l\036\313\000c\000h\000\040\000l\000u\036\323\000n\000g\000\040\001\021\000a\000\040\000n\000h\000i\036\307\000m}{section.3}% 17
\BOOKMARK [2][-]{subsection.3.3}{\376\377\000C\000\341\000c\000\040\000p\000h\000\342\000n\000\040\000h\036\307\000\040\000h\036\315\000c\000\040\000s\000\342\000u\000\040\000b\000i\000\352\000n\000:\000\040\000N\000h\036\255\000n\000\040\000d\000i\036\307\000n\000\040\000k\000h\000u\000\364\000n\000\040\000m\036\267\000t\000\040\000v\000\340\000\040\000P\000h\000\341\000t\000\040\000h\000i\036\307\000n\000\040\000b\036\245\000t\000\040\000t\000h\001\260\036\335\000n\000g}{section.3}% 18
\BOOKMARK [2][-]{subsection.3.4}{\376\377\000B\036\243\000n\000g\000\040\001\021\000i\036\301\000u\000\040\000k\000h\000i\036\303\000n\000\040\000W\000e\000b\000\040\000v\000\340\000\040\000B\036\331\000\040\001\021\000i\036\301\000u\000\040\000p\000h\036\321\000i\000\040\000c\036\243\000n\000h\000\040\000b\000\341\000o\000\040\000b\036\245\000t\000\040\001\021\036\323\000n\000g\000\040\000b\036\331}{section.3}% 19
\BOOKMARK [2][-]{subsection.3.5}{\376\377\000M\000\364\000\040\000h\000\354\000n\000h\000\040\000t\000r\000i\036\303\000n\000\040\000k\000h\000a\000i\000\040\000v\036\255\000t\000\040\000l\000\375\000,\000\040\000A\000n\000\040\000n\000i\000n\000h\000\040\000v\000\340\000\040\000H\036\241\000n\000\040\000c\000h\036\277\000\040\000h\036\307\000\040\000t\000h\036\321\000n\000g}{section.3}% 20
\BOOKMARK [1][-]{section.4}{\376\377\000T\000h\036\361\000c\000\040\000n\000g\000h\000i\036\307\000m\000\040\000v\000\340\000\040\000T\000h\036\243\000o\000\040\000l\000u\036\255\000n}{}% 21
\BOOKMARK [2][-]{subsection.4.1}{\376\377\000T\000h\000i\036\277\000t\000\040\000l\036\255\000p\000\040\000P\000h\036\247\000n\000\040\000c\036\351\000n\000g\000\040\000v\000\340\000\040\000P\000h\036\247\000n\000\040\000m\036\301\000m}{section.4}% 22
\BOOKMARK [2][-]{subsection.4.2}{\376\377\001\020\036\267\000c\000\040\000t\000\355\000n\000h\000\040\000b\036\331\000\040\000d\036\357\000\040\000l\000i\036\307\000u\000\040\000v\000\340\000\040\000T\000i\036\301\000n\000\040\000x\036\355\000\040\000l\000\375}{section.4}% 23
\BOOKMARK [2][-]{subsection.4.3}{\376\377\000K\036\277\000t\000\040\000q\000u\036\243\000\040\000T\000h\036\361\000c\000\040\000n\000g\000h\000i\036\307\000m\000\040\000v\000\340\000\040\000P\000h\000\342\000n\000\040\000t\000\355\000c\000h\000\040\000H\000i\036\307\000u\000\040\000n\001\003\000n\000g}{section.4}% 24
\BOOKMARK [2][-]{subsection.4.4}{\376\377\000T\000h\036\243\000o\000\040\000l\000u\036\255\000n\000\040\000v\000\340\000\040\000T\000\363\000m\000\040\000t\036\257\000t\000\040\000S\000o\000\040\000s\000\341\000n\000h}{section.4}% 25
\BOOKMARK [1][-]{section.5}{\376\377\000K\036\277\000t\000\040\000l\000u\036\255\000n\000\040\000v\000\340\000\040\000H\001\260\036\333\000n\000g\000\040\000p\000h\000\341\000t\000\040\000t\000r\000i\036\303\000n}{}% 26
\BOOKMARK [2][-]{subsection.5.1}{\376\377\000T\000\363\000m\000\040\000t\036\257\000t\000\040\000c\000\341\000c\000\040\001\020\000\363\000n\000g\000\040\000g\000\363\000p\000\040\000c\000h\000\355\000n\000h}{section.5}% 27
\BOOKMARK [2][-]{subsection.5.2}{\376\377\000H\001\260\036\333\000n\000g\000\040\000n\000g\000h\000i\000\352\000n\000\040\000c\036\351\000u\000\040\000t\000i\036\277\000p\000\040\000t\000h\000e\000o}{section.5}% 28
